// Jest Snapshot v1, https://goo.gl/fbAQLP

exports[`Button component matches a snapshot 1`] = `
<button
  onClick={[Function]}
>
  Get Quote
</button>
`;
