// Jest Snapshot v1, https://goo.gl/fbAQLP

exports[`Quote component matches a snapshot 1`] = `
<Fragment>
  <h2>
    "
    A QUOTE
    " -- 
    My MOM
  </h2>
</Fragment>
`;
